// Jest Snapshot v1, https://goo.gl/fbAQLP

exports[`AboutView validaci√≥n del match con el snapshot 1`] = `
<div class="about">
  <h1>Hola mundo</h1>
</div>
`;
